============================= test session starts =============================
platform win32 -- Python 3.12.6, pytest-8.4.2, pluggy-1.6.0
PySide6 6.10.1 -- Qt runtime 6.10.1 -- Qt compiled 6.10.1
Using --randomly-seed=1889012348
rootdir: C:\Users\corte\VS Code Projects\noticiencias_news_collector
configfile: pyproject.toml
testpaths: tests
plugins: anyio-4.10.0, hypothesis-6.104.1, asyncio-1.2.0, cov-7.0.0, mock-3.15.1, qt-4.5.0, randomly-4.0.1, timeout-2.4.0, xdist-3.8.0
asyncio: mode=Mode.STRICT, debug=False, asyncio_default_fixture_loop_scope=None, asyncio_default_test_loop_scope=function
collected 65 items / 29 errors

=================================== ERRORS ====================================
________ ERROR collecting tests/collectors/test_http_cache_behavior.py ________
ImportError while importing test module 'C:\Users\corte\VS Code Projects\noticiencias_news_collector\tests\collectors\test_http_cache_behavior.py'.
Hint: make sure your test modules/packages have valid Python names.
Traceback:
C:\Python312\Lib\importlib\__init__.py:90: in import_module
    return _bootstrap._gcd_import(name[level:], package, level)
           ^^^^^^^^^^^^^^^^^^^^^^^^^^^^^^^^^^^^^^^^^^^^^^^^^^^^
tests\collectors\test_http_cache_behavior.py:8: in <module>
    from src.collectors.async_rss_collector import AsyncRSSCollector
E   ModuleNotFoundError: No module named 'src'
________________ ERROR collecting tests/e2e/test_runner_cli.py ________________
tests\e2e\test_runner_cli.py:12: in <module>
    import run_collector
run_collector.py:37: in <module>
    from news_collector.config import ALL_SOURCES
news_collector\__init__.py:8: in <module>
    from news_collector.config.version import PROJECT_VERSION, PYTHON_REQUIRES_SPECIFIER
news_collector\config\version.py:46: in <module>
    PROJECT_VERSION: Final[str] = _VERSION_FILE.read_text(encoding="utf-8").strip()
                                  ^^^^^^^^^^^^^^^^^^^^^^^^^^^^^^^^^^^^^^^^^
C:\Python312\Lib\pathlib.py:1027: in read_text
    with self.open(mode='r', encoding=encoding, errors=errors) as f:
         ^^^^^^^^^^^^^^^^^^^^^^^^^^^^^^^^^^^^^^^^^^^^^^^^^^^^^
C:\Python312\Lib\pathlib.py:1013: in open
    return io.open(self, mode, buffering, encoding, errors, newline)
           ^^^^^^^^^^^^^^^^^^^^^^^^^^^^^^^^^^^^^^^^^^^^^^^^^^^^^^^^^
E   FileNotFoundError: [Errno 2] No such file or directory: 'C:\\Users\\corte\\VS Code Projects\\noticiencias_news_collector\\news_collector\\VERSION'
________ ERROR collecting tests/mutation_smoke/test_mutation_smoke.py _________
ImportError while importing test module 'C:\Users\corte\VS Code Projects\noticiencias_news_collector\tests\mutation_smoke\test_mutation_smoke.py'.
Hint: make sure your test modules/packages have valid Python names.
Traceback:
C:\Python312\Lib\importlib\__init__.py:90: in import_module
    return _bootstrap._gcd_import(name[level:], package, level)
           ^^^^^^^^^^^^^^^^^^^^^^^^^^^^^^^^^^^^^^^^^^^^^^^^^^^^
tests\mutation_smoke\test_mutation_smoke.py:9: in <module>
    from src.reranker import rerank_articles
E   ModuleNotFoundError: No module named 'src'
__________ ERROR collecting tests/perf/test_async_collector_perf.py ___________
ImportError while importing test module 'C:\Users\corte\VS Code Projects\noticiencias_news_collector\tests\perf\test_async_collector_perf.py'.
Hint: make sure your test modules/packages have valid Python names.
Traceback:
C:\Python312\Lib\importlib\__init__.py:90: in import_module
    return _bootstrap._gcd_import(name[level:], package, level)
           ^^^^^^^^^^^^^^^^^^^^^^^^^^^^^^^^^^^^^^^^^^^^^^^^^^^^
tests\perf\test_async_collector_perf.py:9: in <module>
    from src.collectors.async_rss_collector import AsyncRSSCollector
E   ModuleNotFoundError: No module named 'src'
___________ ERROR collecting tests/perf/test_enrichment_latency.py ____________
ImportError while importing test module 'C:\Users\corte\VS Code Projects\noticiencias_news_collector\tests\perf\test_enrichment_latency.py'.
Hint: make sure your test modules/packages have valid Python names.
Traceback:
C:\Python312\Lib\importlib\__init__.py:90: in import_module
    return _bootstrap._gcd_import(name[level:], package, level)
           ^^^^^^^^^^^^^^^^^^^^^^^^^^^^^^^^^^^^^^^^^^^^^^^^^^^^
tests\perf\test_enrichment_latency.py:14: in <module>
    from src.enrichment.pipeline import EnrichmentPipeline
E   ModuleNotFoundError: No module named 'src'
______________ ERROR collecting tests/perf/test_pipeline_perf.py ______________
ImportError while importing test module 'C:\Users\corte\VS Code Projects\noticiencias_news_collector\tests\perf\test_pipeline_perf.py'.
Hint: make sure your test modules/packages have valid Python names.
Traceback:
C:\Python312\Lib\importlib\__init__.py:90: in import_module
    return _bootstrap._gcd_import(name[level:], package, level)
           ^^^^^^^^^^^^^^^^^^^^^^^^^^^^^^^^^^^^^^^^^^^^^^^^^^^^
tests\perf\test_pipeline_perf.py:23: in <module>
    from src.collectors import RSSCollector
E   ModuleNotFoundError: No module named 'src'
_________ ERROR collecting tests/perf/test_postgres_write_profile.py __________
ImportError while importing test module 'C:\Users\corte\VS Code Projects\noticiencias_news_collector\tests\perf\test_postgres_write_profile.py'.
Hint: make sure your test modules/packages have valid Python names.
Traceback:
C:\Python312\Lib\importlib\__init__.py:90: in import_module
    return _bootstrap._gcd_import(name[level:], package, level)
           ^^^^^^^^^^^^^^^^^^^^^^^^^^^^^^^^^^^^^^^^^^^^^^^^^^^^
tests\perf\test_postgres_write_profile.py:21: in <module>
    from src.storage import models as storage_models  # noqa: E402
    ^^^^^^^^^^^^^^^^^^^^^^^^^^^^^^^^^^^^^^^^^^^^^^^^
E   ModuleNotFoundError: No module named 'src'
______ ERROR collecting tests/property/test_normalization_properties.py _______
ImportError while importing test module 'C:\Users\corte\VS Code Projects\noticiencias_news_collector\tests\property\test_normalization_properties.py'.
Hint: make sure your test modules/packages have valid Python names.
Traceback:
C:\Python312\Lib\importlib\__init__.py:90: in import_module
    return _bootstrap._gcd_import(name[level:], package, level)
           ^^^^^^^^^^^^^^^^^^^^^^^^^^^^^^^^^^^^^^^^^^^^^^^^^^^^
tests\property\test_normalization_properties.py:9: in <module>
    from src.utils.text_cleaner import clean_html, normalize_text
E   ModuleNotFoundError: No module named 'src'
____________ ERROR collecting tests/test_async_collector_parity.py ____________
ImportError while importing test module 'C:\Users\corte\VS Code Projects\noticiencias_news_collector\tests\test_async_collector_parity.py'.
Hint: make sure your test modules/packages have valid Python names.
Traceback:
C:\Python312\Lib\importlib\__init__.py:90: in import_module
    return _bootstrap._gcd_import(name[level:], package, level)
           ^^^^^^^^^^^^^^^^^^^^^^^^^^^^^^^^^^^^^^^^^^^^^^^^^^^^
tests\test_async_collector_parity.py:15: in <module>
    from src.collectors.async_rss_collector import AsyncRSSCollector
E   ModuleNotFoundError: No module named 'src'
______________ ERROR collecting tests/test_collector_logging.py _______________
ImportError while importing test module 'C:\Users\corte\VS Code Projects\noticiencias_news_collector\tests\test_collector_logging.py'.
Hint: make sure your test modules/packages have valid Python names.
Traceback:
C:\Python312\Lib\importlib\__init__.py:90: in import_module
    return _bootstrap._gcd_import(name[level:], package, level)
           ^^^^^^^^^^^^^^^^^^^^^^^^^^^^^^^^^^^^^^^^^^^^^^^^^^^^
tests\test_collector_logging.py:16: in <module>
    from src.collectors.base_collector import BaseCollector
E   ModuleNotFoundError: No module named 'src'
____________ ERROR collecting tests/test_collector_pipeline_e2e.py ____________
ImportError while importing test module 'C:\Users\corte\VS Code Projects\noticiencias_news_collector\tests\test_collector_pipeline_e2e.py'.
Hint: make sure your test modules/packages have valid Python names.
Traceback:
C:\Python312\Lib\importlib\__init__.py:90: in import_module
    return _bootstrap._gcd_import(name[level:], package, level)
           ^^^^^^^^^^^^^^^^^^^^^^^^^^^^^^^^^^^^^^^^^^^^^^^^^^^^
tests\test_collector_pipeline_e2e.py:13: in <module>
    from src.collectors import RSSCollector
E   ModuleNotFoundError: No module named 'src'
_____________ ERROR collecting tests/test_contracts_validation.py _____________
ImportError while importing test module 'C:\Users\corte\VS Code Projects\noticiencias_news_collector\tests\test_contracts_validation.py'.
Hint: make sure your test modules/packages have valid Python names.
Traceback:
C:\Python312\Lib\importlib\__init__.py:90: in import_module
    return _bootstrap._gcd_import(name[level:], package, level)
           ^^^^^^^^^^^^^^^^^^^^^^^^^^^^^^^^^^^^^^^^^^^^^^^^^^^^
tests\test_contracts_validation.py:17: in <module>
    from src.contracts import (
E   ModuleNotFoundError: No module named 'src'
_____________ ERROR collecting tests/test_database_migrations.py ______________
ImportError while importing test module 'C:\Users\corte\VS Code Projects\noticiencias_news_collector\tests\test_database_migrations.py'.
Hint: make sure your test modules/packages have valid Python names.
Traceback:
C:\Python312\Lib\importlib\__init__.py:90: in import_module
    return _bootstrap._gcd_import(name[level:], package, level)
           ^^^^^^^^^^^^^^^^^^^^^^^^^^^^^^^^^^^^^^^^^^^^^^^^^^^^
tests\test_database_migrations.py:25: in <module>
    from src.storage.database import DatabaseManager
E   ModuleNotFoundError: No module named 'src.storage'
__________ ERROR collecting tests/test_database_pending_articles.py ___________
tests\test_database_pending_articles.py:19: in <module>
    from main import NewsCollectorSystem
main.py:39: in <module>
    from news_collector import RSSCollector, get_database_manager, setup_logging, get_metrics_reporter
news_collector\__init__.py:8: in <module>
    from news_collector.config.version import PROJECT_VERSION, PYTHON_REQUIRES_SPECIFIER
news_collector\config\version.py:46: in <module>
    PROJECT_VERSION: Final[str] = _VERSION_FILE.read_text(encoding="utf-8").strip()
                                  ^^^^^^^^^^^^^^^^^^^^^^^^^^^^^^^^^^^^^^^^^
C:\Python312\Lib\pathlib.py:1027: in read_text
    with self.open(mode='r', encoding=encoding, errors=errors) as f:
         ^^^^^^^^^^^^^^^^^^^^^^^^^^^^^^^^^^^^^^^^^^^^^^^^^^^^^
C:\Python312\Lib\pathlib.py:1013: in open
    return io.open(self, mode, buffering, encoding, errors, newline)
           ^^^^^^^^^^^^^^^^^^^^^^^^^^^^^^^^^^^^^^^^^^^^^^^^^^^^^^^^^
E   FileNotFoundError: [Errno 2] No such file or directory: 'C:\\Users\\corte\\VS Code Projects\\noticiencias_news_collector\\news_collector\\VERSION'
__________ ERROR collecting tests/test_database_simhash_behavior.py ___________
ImportError while importing test module 'C:\Users\corte\VS Code Projects\noticiencias_news_collector\tests\test_database_simhash_behavior.py'.
Hint: make sure your test modules/packages have valid Python names.
Traceback:
C:\Python312\Lib\importlib\__init__.py:90: in import_module
    return _bootstrap._gcd_import(name[level:], package, level)
           ^^^^^^^^^^^^^^^^^^^^^^^^^^^^^^^^^^^^^^^^^^^^^^^^^^^^
tests\test_database_simhash_behavior.py:21: in <module>
    from src.contracts import CollectorArticleModel
E   ModuleNotFoundError: No module named 'src.contracts'
________________ ERROR collecting tests/test_datetime_utils.py ________________
ImportError while importing test module 'C:\Users\corte\VS Code Projects\noticiencias_news_collector\tests\test_datetime_utils.py'.
Hint: make sure your test modules/packages have valid Python names.
Traceback:
C:\Python312\Lib\importlib\__init__.py:90: in import_module
    return _bootstrap._gcd_import(name[level:], package, level)
           ^^^^^^^^^^^^^^^^^^^^^^^^^^^^^^^^^^^^^^^^^^^^^^^^^^^^
tests\test_datetime_utils.py:4: in <module>
    from src.utils.datetime_utils import (
E   ModuleNotFoundError: No module named 'src.utils'
_________________ ERROR collecting tests/test_dedupe_utils.py _________________
ImportError while importing test module 'C:\Users\corte\VS Code Projects\noticiencias_news_collector\tests\test_dedupe_utils.py'.
Hint: make sure your test modules/packages have valid Python names.
Traceback:
C:\Python312\Lib\importlib\__init__.py:90: in import_module
    return _bootstrap._gcd_import(name[level:], package, level)
           ^^^^^^^^^^^^^^^^^^^^^^^^^^^^^^^^^^^^^^^^^^^^^^^^^^^^
tests\test_dedupe_utils.py:1: in <module>
    from src.utils.dedupe import (
E   ModuleNotFoundError: No module named 'src.utils'
_____________ ERROR collecting tests/test_enrichment_pipeline.py ______________
ImportError while importing test module 'C:\Users\corte\VS Code Projects\noticiencias_news_collector\tests\test_enrichment_pipeline.py'.
Hint: make sure your test modules/packages have valid Python names.
Traceback:
C:\Python312\Lib\importlib\__init__.py:90: in import_module
    return _bootstrap._gcd_import(name[level:], package, level)
           ^^^^^^^^^^^^^^^^^^^^^^^^^^^^^^^^^^^^^^^^^^^^^^^^^^^^
tests\test_enrichment_pipeline.py:6: in <module>
    from src.enrichment.pipeline import EnrichmentPipeline
E   ModuleNotFoundError: No module named 'src.enrichment'
____________ ERROR collecting tests/test_feature_scorer_config.py _____________
ImportError while importing test module 'C:\Users\corte\VS Code Projects\noticiencias_news_collector\tests\test_feature_scorer_config.py'.
Hint: make sure your test modules/packages have valid Python names.
Traceback:
C:\Python312\Lib\importlib\__init__.py:90: in import_module
    return _bootstrap._gcd_import(name[level:], package, level)
           ^^^^^^^^^^^^^^^^^^^^^^^^^^^^^^^^^^^^^^^^^^^^^^^^^^^^
tests\test_feature_scorer_config.py:20: in <module>
    from src.scoring.feature_scorer import FeatureBasedScorer
E   ModuleNotFoundError: No module named 'src.scoring'
_________________ ERROR collecting tests/test_healthcheck.py __________________
ImportError while importing test module 'C:\Users\corte\VS Code Projects\noticiencias_news_collector\tests\test_healthcheck.py'.
Hint: make sure your test modules/packages have valid Python names.
Traceback:
C:\Python312\Lib\importlib\__init__.py:90: in import_module
    return _bootstrap._gcd_import(name[level:], package, level)
           ^^^^^^^^^^^^^^^^^^^^^^^^^^^^^^^^^^^^^^^^^^^^^^^^^^^^
tests\test_healthcheck.py:17: in <module>
    from src.storage.database import DatabaseManager
E   ModuleNotFoundError: No module named 'src.storage'
_____________ ERROR collecting tests/test_main_initialization.py ______________
tests\test_main_initialization.py:47: in <module>
    import main
main.py:39: in <module>
    from news_collector import RSSCollector, get_database_manager, setup_logging, get_metrics_reporter
news_collector\__init__.py:8: in <module>
    from news_collector.config.version import PROJECT_VERSION, PYTHON_REQUIRES_SPECIFIER
news_collector\config\version.py:46: in <module>
    PROJECT_VERSION: Final[str] = _VERSION_FILE.read_text(encoding="utf-8").strip()
                                  ^^^^^^^^^^^^^^^^^^^^^^^^^^^^^^^^^^^^^^^^^
C:\Python312\Lib\pathlib.py:1027: in read_text
    with self.open(mode='r', encoding=encoding, errors=errors) as f:
         ^^^^^^^^^^^^^^^^^^^^^^^^^^^^^^^^^^^^^^^^^^^^^^^^^^^^^
C:\Python312\Lib\pathlib.py:1013: in open
    return io.open(self, mode, buffering, encoding, errors, newline)
           ^^^^^^^^^^^^^^^^^^^^^^^^^^^^^^^^^^^^^^^^^^^^^^^^^^^^^^^^^
E   FileNotFoundError: [Errno 2] No such file or directory: 'C:\\Users\\corte\\VS Code Projects\\noticiencias_news_collector\\news_collector\\VERSION'
________________ ERROR collecting tests/test_observability.py _________________
tests\test_observability.py:17: in <module>
    import main
main.py:39: in <module>
    from news_collector import RSSCollector, get_database_manager, setup_logging, get_metrics_reporter
news_collector\__init__.py:8: in <module>
    from news_collector.config.version import PROJECT_VERSION, PYTHON_REQUIRES_SPECIFIER
news_collector\config\version.py:46: in <module>
    PROJECT_VERSION: Final[str] = _VERSION_FILE.read_text(encoding="utf-8").strip()
                                  ^^^^^^^^^^^^^^^^^^^^^^^^^^^^^^^^^^^^^^^^^
C:\Python312\Lib\pathlib.py:1027: in read_text
    with self.open(mode='r', encoding=encoding, errors=errors) as f:
         ^^^^^^^^^^^^^^^^^^^^^^^^^^^^^^^^^^^^^^^^^^^^^^^^^^^^^
C:\Python312\Lib\pathlib.py:1013: in open
    return io.open(self, mode, buffering, encoding, errors, newline)
           ^^^^^^^^^^^^^^^^^^^^^^^^^^^^^^^^^^^^^^^^^^^^^^^^^^^^^^^^^
E   FileNotFoundError: [Errno 2] No such file or directory: 'C:\\Users\\corte\\VS Code Projects\\noticiencias_news_collector\\news_collector\\VERSION'
__________ ERROR collecting tests/test_python_version_requirement.py __________
tests\test_python_version_requirement.py:13: in <module>
    from config.version import (
news_collector\config\version.py:46: in <module>
    PROJECT_VERSION: Final[str] = _VERSION_FILE.read_text(encoding="utf-8").strip()
                                  ^^^^^^^^^^^^^^^^^^^^^^^^^^^^^^^^^^^^^^^^^
C:\Python312\Lib\pathlib.py:1027: in read_text
    with self.open(mode='r', encoding=encoding, errors=errors) as f:
         ^^^^^^^^^^^^^^^^^^^^^^^^^^^^^^^^^^^^^^^^^^^^^^^^^^^^^
C:\Python312\Lib\pathlib.py:1013: in open
    return io.open(self, mode, buffering, encoding, errors, newline)
           ^^^^^^^^^^^^^^^^^^^^^^^^^^^^^^^^^^^^^^^^^^^^^^^^^^^^^^^^^
E   FileNotFoundError: [Errno 2] No such file or directory: 'C:\\Users\\corte\\VS Code Projects\\noticiencias_news_collector\\news_collector\\VERSION'
____________ ERROR collecting tests/test_rate_limit_and_backoff.py ____________
ImportError while importing test module 'C:\Users\corte\VS Code Projects\noticiencias_news_collector\tests\test_rate_limit_and_backoff.py'.
Hint: make sure your test modules/packages have valid Python names.
Traceback:
C:\Python312\Lib\importlib\__init__.py:90: in import_module
    return _bootstrap._gcd_import(name[level:], package, level)
           ^^^^^^^^^^^^^^^^^^^^^^^^^^^^^^^^^^^^^^^^^^^^^^^^^^^^
tests\test_rate_limit_and_backoff.py:12: in <module>
    from src.collectors.rss_collector import RSSCollector
E   ModuleNotFoundError: No module named 'src.collectors'
___________________ ERROR collecting tests/test_reranker.py ___________________
ImportError while importing test module 'C:\Users\corte\VS Code Projects\noticiencias_news_collector\tests\test_reranker.py'.
Hint: make sure your test modules/packages have valid Python names.
Traceback:
C:\Python312\Lib\importlib\__init__.py:90: in import_module
    return _bootstrap._gcd_import(name[level:], package, level)
           ^^^^^^^^^^^^^^^^^^^^^^^^^^^^^^^^^^^^^^^^^^^^^^^^^^^^
tests\test_reranker.py:6: in <module>
    from src.reranker import rerank_articles
E   ModuleNotFoundError: No module named 'src.reranker'
________________ ERROR collecting tests/test_scoring_golden.py ________________
ImportError while importing test module 'C:\Users\corte\VS Code Projects\noticiencias_news_collector\tests\test_scoring_golden.py'.
Hint: make sure your test modules/packages have valid Python names.
Traceback:
C:\Python312\Lib\importlib\__init__.py:90: in import_module
    return _bootstrap._gcd_import(name[level:], package, level)
           ^^^^^^^^^^^^^^^^^^^^^^^^^^^^^^^^^^^^^^^^^^^^^^^^^^^^
tests\test_scoring_golden.py:22: in <module>
    from src.scoring import feature_scorer
E   ModuleNotFoundError: No module named 'src.scoring'
_________________ ERROR collecting tests/test_serving_api.py __________________
ImportError while importing test module 'C:\Users\corte\VS Code Projects\noticiencias_news_collector\tests\test_serving_api.py'.
Hint: make sure your test modules/packages have valid Python names.
Traceback:
C:\Python312\Lib\importlib\__init__.py:90: in import_module
    return _bootstrap._gcd_import(name[level:], package, level)
           ^^^^^^^^^^^^^^^^^^^^^^^^^^^^^^^^^^^^^^^^^^^^^^^^^^^^
tests\test_serving_api.py:5: in <module>
    from fastapi.testclient import TestClient
E   ModuleNotFoundError: No module named 'fastapi.testclient'; 'fastapi' is not a package
_________________ ERROR collecting tests/test_text_cleaner.py _________________
ImportError while importing test module 'C:\Users\corte\VS Code Projects\noticiencias_news_collector\tests\test_text_cleaner.py'.
Hint: make sure your test modules/packages have valid Python names.
Traceback:
C:\Python312\Lib\importlib\__init__.py:90: in import_module
    return _bootstrap._gcd_import(name[level:], package, level)
           ^^^^^^^^^^^^^^^^^^^^^^^^^^^^^^^^^^^^^^^^^^^^^^^^^^^^
tests\test_text_cleaner.py:4: in <module>
    from src.utils.text_cleaner import clean_html, normalize_text, detect_language_simple
E   ModuleNotFoundError: No module named 'src.utils'
______________ ERROR collecting tests/test_url_canonicalizer.py _______________
ImportError while importing test module 'C:\Users\corte\VS Code Projects\noticiencias_news_collector\tests\test_url_canonicalizer.py'.
Hint: make sure your test modules/packages have valid Python names.
Traceback:
C:\Python312\Lib\importlib\__init__.py:90: in import_module
    return _bootstrap._gcd_import(name[level:], package, level)
           ^^^^^^^^^^^^^^^^^^^^^^^^^^^^^^^^^^^^^^^^^^^^^^^^^^^^
tests\test_url_canonicalizer.py:3: in <module>
    import src.utils.url_canonicalizer as url_canonicalizer
E   ModuleNotFoundError: No module named 'src.utils'
=========================== short test summary info ===========================
ERROR tests/collectors/test_http_cache_behavior.py
ERROR tests/e2e/test_runner_cli.py - FileNotFoundError: [Errno 2] No such fil...
ERROR tests/mutation_smoke/test_mutation_smoke.py
ERROR tests/perf/test_async_collector_perf.py
ERROR tests/perf/test_enrichment_latency.py
ERROR tests/perf/test_pipeline_perf.py
ERROR tests/perf/test_postgres_write_profile.py
ERROR tests/property/test_normalization_properties.py
ERROR tests/test_async_collector_parity.py
ERROR tests/test_collector_logging.py
ERROR tests/test_collector_pipeline_e2e.py
ERROR tests/test_contracts_validation.py
ERROR tests/test_database_migrations.py
ERROR tests/test_database_pending_articles.py - FileNotFoundError: [Errno 2] ...
ERROR tests/test_database_simhash_behavior.py
ERROR tests/test_datetime_utils.py
ERROR tests/test_dedupe_utils.py
ERROR tests/test_enrichment_pipeline.py
ERROR tests/test_feature_scorer_config.py
ERROR tests/test_healthcheck.py
ERROR tests/test_main_initialization.py - FileNotFoundError: [Errno 2] No suc...
ERROR tests/test_observability.py - FileNotFoundError: [Errno 2] No such file...
ERROR tests/test_python_version_requirement.py - FileNotFoundError: [Errno 2]...
ERROR tests/test_rate_limit_and_backoff.py
ERROR tests/test_reranker.py
ERROR tests/test_scoring_golden.py
ERROR tests/test_serving_api.py
ERROR tests/test_text_cleaner.py
ERROR tests/test_url_canonicalizer.py
!!!!!!!!!!!!!!!!!! Interrupted: 29 errors during collection !!!!!!!!!!!!!!!!!!!
============================= 29 errors in 2.90s ==============================
